Archive member included to satisfy reference by file (symbol)

C:/ST/STM32CubeIDE_1.16.0/STM32CubeIDE/plugins/com.st.stm32cube.ide.mcu.externaltools.gnu-tools-for-stm32.12.3.rel1.win32_1.0.200.202406191623/tools/bin/../lib/gcc/arm-none-eabi/12.3.1/../../../../arm-none-eabi/lib/thumb/v7-m/nofp\libc_nano.a(libc_a-exit.o)
                              C:/ST/STM32CubeIDE_1.16.0/STM32CubeIDE/plugins/com.st.stm32cube.ide.mcu.externaltools.gnu-tools-for-stm32.12.3.rel1.win32_1.0.200.202406191623/tools/bin/../lib/gcc/arm-none-eabi/12.3.1/../../../../arm-none-eabi/lib/thumb/v7-m/nofp/crt0.o (exit)
C:/ST/STM32CubeIDE_1.16.0/STM32CubeIDE/plugins/com.st.stm32cube.ide.mcu.externaltools.gnu-tools-for-stm32.12.3.rel1.win32_1.0.200.202406191623/tools/bin/../lib/gcc/arm-none-eabi/12.3.1/../../../../arm-none-eabi/lib/thumb/v7-m/nofp\libc_nano.a(libc_a-findfp.o)
                              C:/ST/STM32CubeIDE_1.16.0/STM32CubeIDE/plugins/com.st.stm32cube.ide.mcu.externaltools.gnu-tools-for-stm32.12.3.rel1.win32_1.0.200.202406191623/tools/bin/../lib/gcc/arm-none-eabi/12.3.1/../../../../arm-none-eabi/lib/thumb/v7-m/nofp\libc_nano.a(libc_a-exit.o) (__stdio_exit_handler)
C:/ST/STM32CubeIDE_1.16.0/STM32CubeIDE/plugins/com.st.stm32cube.ide.mcu.externaltools.gnu-tools-for-stm32.12.3.rel1.win32_1.0.200.202406191623/tools/bin/../lib/gcc/arm-none-eabi/12.3.1/../../../../arm-none-eabi/lib/thumb/v7-m/nofp\libc_nano.a(libc_a-fwalk.o)
                              C:/ST/STM32CubeIDE_1.16.0/STM32CubeIDE/plugins/com.st.stm32cube.ide.mcu.externaltools.gnu-tools-for-stm32.12.3.rel1.win32_1.0.200.202406191623/tools/bin/../lib/gcc/arm-none-eabi/12.3.1/../../../../arm-none-eabi/lib/thumb/v7-m/nofp\libc_nano.a(libc_a-findfp.o) (_fwalk_sglue)
C:/ST/STM32CubeIDE_1.16.0/STM32CubeIDE/plugins/com.st.stm32cube.ide.mcu.externaltools.gnu-tools-for-stm32.12.3.rel1.win32_1.0.200.202406191623/tools/bin/../lib/gcc/arm-none-eabi/12.3.1/../../../../arm-none-eabi/lib/thumb/v7-m/nofp\libc_nano.a(libc_a-stdio.o)
                              C:/ST/STM32CubeIDE_1.16.0/STM32CubeIDE/plugins/com.st.stm32cube.ide.mcu.externaltools.gnu-tools-for-stm32.12.3.rel1.win32_1.0.200.202406191623/tools/bin/../lib/gcc/arm-none-eabi/12.3.1/../../../../arm-none-eabi/lib/thumb/v7-m/nofp\libc_nano.a(libc_a-findfp.o) (__sread)
C:/ST/STM32CubeIDE_1.16.0/STM32CubeIDE/plugins/com.st.stm32cube.ide.mcu.externaltools.gnu-tools-for-stm32.12.3.rel1.win32_1.0.200.202406191623/tools/bin/../lib/gcc/arm-none-eabi/12.3.1/../../../../arm-none-eabi/lib/thumb/v7-m/nofp\libc_nano.a(libc_a-memset.o)
                              C:/ST/STM32CubeIDE_1.16.0/STM32CubeIDE/plugins/com.st.stm32cube.ide.mcu.externaltools.gnu-tools-for-stm32.12.3.rel1.win32_1.0.200.202406191623/tools/bin/../lib/gcc/arm-none-eabi/12.3.1/../../../../arm-none-eabi/lib/thumb/v7-m/nofp/crt0.o (memset)
C:/ST/STM32CubeIDE_1.16.0/STM32CubeIDE/plugins/com.st.stm32cube.ide.mcu.externaltools.gnu-tools-for-stm32.12.3.rel1.win32_1.0.200.202406191623/tools/bin/../lib/gcc/arm-none-eabi/12.3.1/../../../../arm-none-eabi/lib/thumb/v7-m/nofp\libc_nano.a(libc_a-closer.o)
                              C:/ST/STM32CubeIDE_1.16.0/STM32CubeIDE/plugins/com.st.stm32cube.ide.mcu.externaltools.gnu-tools-for-stm32.12.3.rel1.win32_1.0.200.202406191623/tools/bin/../lib/gcc/arm-none-eabi/12.3.1/../../../../arm-none-eabi/lib/thumb/v7-m/nofp\libc_nano.a(libc_a-stdio.o) (_close_r)
C:/ST/STM32CubeIDE_1.16.0/STM32CubeIDE/plugins/com.st.stm32cube.ide.mcu.externaltools.gnu-tools-for-stm32.12.3.rel1.win32_1.0.200.202406191623/tools/bin/../lib/gcc/arm-none-eabi/12.3.1/../../../../arm-none-eabi/lib/thumb/v7-m/nofp\libc_nano.a(libc_a-reent.o)
                              C:/ST/STM32CubeIDE_1.16.0/STM32CubeIDE/plugins/com.st.stm32cube.ide.mcu.externaltools.gnu-tools-for-stm32.12.3.rel1.win32_1.0.200.202406191623/tools/bin/../lib/gcc/arm-none-eabi/12.3.1/../../../../arm-none-eabi/lib/thumb/v7-m/nofp\libc_nano.a(libc_a-closer.o) (errno)
C:/ST/STM32CubeIDE_1.16.0/STM32CubeIDE/plugins/com.st.stm32cube.ide.mcu.externaltools.gnu-tools-for-stm32.12.3.rel1.win32_1.0.200.202406191623/tools/bin/../lib/gcc/arm-none-eabi/12.3.1/../../../../arm-none-eabi/lib/thumb/v7-m/nofp\libc_nano.a(libc_a-impure.o)
                              C:/ST/STM32CubeIDE_1.16.0/STM32CubeIDE/plugins/com.st.stm32cube.ide.mcu.externaltools.gnu-tools-for-stm32.12.3.rel1.win32_1.0.200.202406191623/tools/bin/../lib/gcc/arm-none-eabi/12.3.1/../../../../arm-none-eabi/lib/thumb/v7-m/nofp\libc_nano.a(libc_a-reent.o) (_impure_ptr)
C:/ST/STM32CubeIDE_1.16.0/STM32CubeIDE/plugins/com.st.stm32cube.ide.mcu.externaltools.gnu-tools-for-stm32.12.3.rel1.win32_1.0.200.202406191623/tools/bin/../lib/gcc/arm-none-eabi/12.3.1/../../../../arm-none-eabi/lib/thumb/v7-m/nofp\libc_nano.a(libc_a-lseekr.o)
[...]
Memory Configuration

Name             Origin             Length             Attributes
RAM              0x20000000         0x00020000         xrw
FLASH            0x08000000         0x00100000         xr
*default*        0x00000000         0xffffffff

Linker script and memory map

LOAD C:/ST/STM32CubeIDE_1.16.0/STM32CubeIDE/plugins/com.st.stm32cube.ide.mcu.externaltools.gnu-tools-for-stm32.12.3.rel1.win32_1.0.200.202406191623/tools/bin/../lib/gcc/arm-none-eabi/12.3.1/thumb/v7-m/nofp/crti.o
LOAD C:/ST/STM32CubeIDE_1.16.0/STM32CubeIDE/plugins/com.st.stm32cube.ide.mcu.externaltools.gnu-tools-for-stm32.12.3.rel1.win32_1.0.200.202406191623/tools/bin/../lib/gcc/arm-none-eabi/12.3.1/thumb/v7-m/nofp/crtbegin.o
LOAD C:/ST/STM32CubeIDE_1.16.0/STM32CubeIDE/plugins/com.st.stm32cube.ide.mcu.externaltools.gnu-tools-for-stm32.12.3.rel1.win32_1.0.200.202406191623/tools/bin/../lib/gcc/arm-none-eabi/12.3.1/../../../../arm-none-eabi/lib/thumb/v7-m/nofp/crt0.o
LOAD ./Core/Src/main.o
LOAD ./Core/Src/stm32f2xx_hal_msp.o
LOAD ./Core/Src/stm32f2xx_it.o
LOAD ./Core/Src/syscalls.o
LOAD ./Core/Src/sysmem.o
LOAD ./Core/Src/system_stm32f2xx.o
LOAD ./Core/Startup/startup_stm32f207zgtx.o
LOAD ./Drivers/STM32F2xx_HAL_Driver/Src/stm32f2xx_hal.o
LOAD ./Drivers/STM32F2xx_HAL_Driver/Src/stm32f2xx_hal_cortex.o
LOAD ./Drivers/STM32F2xx_HAL_Driver/Src/stm32f2xx_hal_dma.o
LOAD ./Drivers/STM32F2xx_HAL_Driver/Src/stm32f2xx_hal_dma_ex.o
LOAD ./Drivers/STM32F2xx_HAL_Driver/Src/stm32f2xx_hal_eth.o
LOAD ./Drivers/STM32F2xx_HAL_Driver/Src/stm32f2xx_hal_exti.o
LOAD ./Drivers/STM32F2xx_HAL_Driver/Src/stm32f2xx_hal_flash.o
LOAD ./Drivers/STM32F2xx_HAL_Driver/Src/stm32f2xx_hal_flash_ex.o
LOAD ./Drivers/STM32F2xx_HAL_Driver/Src/stm32f2xx_hal_gpio.o
LOAD ./Drivers/STM32F2xx_HAL_Driver/Src/stm32f2xx_hal_pcd.o
LOAD ./Drivers/STM32F2xx_HAL_Driver/Src/stm32f2xx_hal_pcd_ex.o
LOAD ./Drivers/STM32F2xx_HAL_Driver/Src/stm32f2xx_hal_pwr.o
LOAD ./Drivers/STM32F2xx_HAL_Driver/Src/stm32f2xx_hal_pwr_ex.o
LOAD ./Drivers/STM32F2xx_HAL_Driver/Src/stm32f2xx_hal_rcc.o
LOAD ./Drivers/STM32F2xx_HAL_Driver/Src/stm32f2xx_hal_rcc_ex.o
LOAD ./Drivers/STM32F2xx_HAL_Driver/Src/stm32f2xx_hal_tim.o
LOAD ./Drivers/STM32F2xx_HAL_Driver/Src/stm32f2xx_hal_tim_ex.o
LOAD ./Drivers/STM32F2xx_HAL_Driver/Src/stm32f2xx_hal_uart.o
LOAD ./Drivers/STM32F2xx_HAL_Driver/Src/stm32f2xx_ll_usb.o
START GROUP
LOAD C:/ST/STM32CubeIDE_1.16.0/STM32CubeIDE/plugins/com.st.stm32cube.ide.mcu.externaltools.gnu-tools-for-stm32.12.3.rel1.win32_1.0.200.202406191623/tools/bin/../lib/gcc/arm-none-eabi/12.3.1/../../../../arm-none-eabi/lib/thumb/v7-m/nofp\libc_nano.a
LOAD C:/ST/STM32CubeIDE_1.16.0/STM32CubeIDE/plugins/com.st.stm32cube.ide.mcu.externaltools.gnu-tools-for-stm32.12.3.rel1.win32_1.0.200.202406191623/tools/bin/../lib/gcc/arm-none-eabi/12.3.1/../../../../arm-none-eabi/lib/thumb/v7-m/nofp\libm.a
END GROUP
START GROUP
LOAD C:/ST/STM32CubeIDE_1.16.0/STM32CubeIDE/plugins/com.st.stm32cube.ide.mcu.externaltools.gnu-tools-for-stm32.12.3.rel1.win32_1.0.200.202406191623/tools/bin/../lib/gcc/arm-none-eabi/12.3.1/thumb/v7-m/nofp\libgcc.a
LOAD C:/ST/STM32CubeIDE_1.16.0/STM32CubeIDE/plugins/com.st.stm32cube.ide.mcu.externaltools.gnu-tools-for-stm32.12.3.rel1.win32_1.0.200.202406191623/tools/bin/../lib/gcc/arm-none-eabi/12.3.1/../../../../arm-none-eabi/lib/thumb/v7-m/nofp\libc_nano.a
END GROUP
START GROUP
LOAD C:/ST/STM32CubeIDE_1.16.0/STM32CubeIDE/plugins/com.st.stm32cube.ide.mcu.externaltools.gnu-tools-for-stm32.12.3.rel1.win32_1.0.200.202406191623/tools/bin/../lib/gcc/arm-none-eabi/12.3.1/thumb/v7-m/nofp\libgcc.a
LOAD C:/ST/STM32CubeIDE_1.16.0/STM32CubeIDE/plugins/com.st.stm32cube.ide.mcu.externaltools.gnu-tools-for-stm32.12.3.rel1.win32_1.0.200.202406191623/tools/bin/../lib/gcc/arm-none-eabi/12.3.1/../../../../arm-none-eabi/lib/thumb/v7-m/nofp\libc_nano.a
LOAD C:/ST/STM32CubeIDE_1.16.0/STM32CubeIDE/plugins/com.st.stm32cube.ide.mcu.externaltools.gnu-tools-for-stm32.12.3.rel1.win32_1.0.200.202406191623/tools/bin/../lib/gcc/arm-none-eabi/12.3.1/../../../../arm-none-eabi/lib/thumb/v7-m/nofp\libnosys.a
END GROUP
START GROUP
LOAD C:/ST/STM32CubeIDE_1.16.0/STM32CubeIDE/plugins/com.st.stm32cube.ide.mcu.externaltools.gnu-tools-for-stm32.12.3.rel1.win32_1.0.200.202406191623/tools/bin/../lib/gcc/arm-none-eabi/12.3.1/thumb/v7-m/nofp\libgcc.a
LOAD C:/ST/STM32CubeIDE_1.16.0/STM32CubeIDE/plugins/com.st.stm32cube.ide.mcu.externaltools.gnu-tools-for-stm32.12.3.rel1.win32_1.0.200.202406191623/tools/bin/../lib/gcc/arm-none-eabi/12.3.1/../../../../arm-none-eabi/lib/thumb/v7-m/nofp\libc_nano.a
LOAD C:/ST/STM32CubeIDE_1.16.0/STM32CubeIDE/plugins/com.st.stm32cube.ide.mcu.externaltools.gnu-tools-for-stm32.12.3.rel1.win32_1.0.200.202406191623/tools/bin/../lib/gcc/arm-none-eabi/12.3.1/../../../../arm-none-eabi/lib/thumb/v7-m/nofp\libnosys.a
END GROUP
LOAD C:/ST/STM32CubeIDE_1.16.0/STM32CubeIDE/plugins/com.st.stm32cube.ide.mcu.externaltools.gnu-tools-for-stm32.12.3.rel1.win32_1.0.200.202406191623/tools/bin/../lib/gcc/arm-none-eabi/12.3.1/thumb/v7-m/nofp/crtend.o
LOAD C:/ST/STM32CubeIDE_1.16.0/STM32CubeIDE/plugins/com.st.stm32cube.ide.mcu.externaltools.gnu-tools-for-stm32.12.3.rel1.win32_1.0.200.202406191623/tools/bin/../lib/gcc/arm-none-eabi/12.3.1/thumb/v7-m/nofp/crtn.o
                0x20020000                        _estack = (ORIGIN (RAM) + LENGTH (RAM))
                0x00000200                        _Min_Heap_Size = 0x200
                0x00000400                        _Min_Stack_Size = 0x400

.isr_vector     0x08000000      0x184
                0x08000000                        . = ALIGN (0x4)
 *(.isr_vector)
 .isr_vector    0x08000000      0x184 ./Core/Startup/startup_stm32f207zgtx.o
                0x08000000                g_pfnVectors
                0x08000184                        . = ALIGN (0x4)

.text           0x08000184     0x2f54
                0x08000184                        . = ALIGN (0x4)
 *(.text)
 .text          0x08000184       0x40 C:/ST/STM32CubeIDE_1.16.0/STM32CubeIDE/plugins/com.st.stm32cube.ide.mcu.externaltools.gnu-tools-for-stm32.12.3.rel1.win32_1.0.200.202406191623/tools/bin/../lib/gcc/arm-none-eabi/12.3.1/thumb/v7-m/nofp/crtbegin.o
 .text          0x080001c4       0x30 C:/ST/STM32CubeIDE_1.16.0/STM32CubeIDE/plugins/com.st.stm32cube.ide.mcu.externaltools.gnu-tools-for-stm32.12.3.rel1.win32_1.0.200.202406191623/tools/bin/../lib/gcc/arm-none-eabi/12.3.1/thumb/v7-m/nofp\libgcc.a(_aeabi_uldivmod.o)
                0x080001c4                __aeabi_uldivmod
 .text          0x080001f4      0x2b8 C:/ST/STM32CubeIDE_1.16.0/STM32CubeIDE/plugins/com.st.stm32cube.ide.mcu.externaltools.gnu-tools-for-stm32.12.3.rel1.win32_1.0.200.202406191623/tools/bin/../lib/gcc/arm-none-eabi/12.3.1/thumb/v7-m/nofp\libgcc.a(_udivmoddi4.o)
                0x080001f4                __udivmoddi4
 .text          0x080004ac        0x4 C:/ST/STM32CubeIDE_1.16.0/STM32CubeIDE/plugins/com.st.stm32cube.ide.mcu.externaltools.gnu-tools-for-stm32.12.3.rel1.win32_1.0.200.202406191623/tools/bin/../lib/gcc/arm-none-eabi/12.3.1/thumb/v7-m/nofp\libgcc.a(_dvmd_tls.o)
                0x080004ac                __aeabi_idiv0
                0x080004ac                __aeabi_ldiv0
 *(.text*)
 .text.main     0x080004b0       0x34 ./Core/Src/main.o
                0x080004b0                main
 .text.HAL_UART_RxCpltCallback
                0x080004e4       0x30 ./Core/Src/main.o
                0x080004e4                HAL_UART_RxCpltCallback
 .text.SystemClock_Config
                0x08000514       0x8c ./Core/Src/main.o
                0x08000514                SystemClock_Config
 .text.MX_USART2_UART_Init
                0x080005a0       0x54 ./Core/Src/main.o
 .text.MX_USART3_UART_Init
                0x080005f4       0x54 ./Core/Src/main.o
 .text.MX_USB_OTG_FS_PCD_Init
                0x08000648       0x54 ./Core/Src/main.o
 .text.MX_GPIO_Init
                0x0800069c      0x15c ./Core/Src/main.o
 .text.Error_Handler
                0x080007f8        0xc ./Core/Src/main.o
                0x080007f8                Error_Handler
 .text.HAL_MspInit
                0x08000804       0x4c ./Core/Src/stm32f2xx_hal_msp.o
                0x08000804                HAL_MspInit
 .text.HAL_UART_MspInit
                0x08000850      0x158 ./Core/Src/stm32f2xx_hal_msp.o
                0x08000850                HAL_UART_MspInit
 .text.HAL_PCD_MspInit
                0x080009a8       0xb4 ./Core/Src/stm32f2xx_hal_msp.o
                0x080009a8                HAL_PCD_MspInit
 .text.NMI_Handler
                0x08000a5c        0x8 ./Core/Src/stm32f2xx_it.o
                0x08000a5c                NMI_Handler
 .text.HardFault_Handler
                0x08000a64        0x8 ./Core/Src/stm32f2xx_it.o
                0x08000a64                HardFault_Handler
 .text.MemManage_Handler
                0x08000a6c        0x8 ./Core/Src/stm32f2xx_it.o
                0x08000a6c                MemManage_Handler
 .text.BusFault_Handler
                0x08000a74        0x8 ./Core/Src/stm32f2xx_it.o
                0x08000a74                BusFault_Handler
 .text.UsageFault_Handler
                0x08000a7c        0x8 ./Core/Src/stm32f2xx_it.o
                0x08000a7c                UsageFault_Handler
 .text.SVC_Handler
                0x08000a84        0xc ./Core/Src/stm32f2xx_it.o
                0x08000a84                SVC_Handler
 .text.DebugMon_Handler
                0x08000a90        0xc ./Core/Src/stm32f2xx_it.o
                0x08000a90                DebugMon_Handler
 .text.PendSV_Handler
                0x08000a9c        0xc ./Core/Src/stm32f2xx_it.o
                0x08000a9c                PendSV_Handler
 .text.SysTick_Handler
                0x08000aa8        0xc ./Core/Src/stm32f2xx_it.o
                0x08000aa8                SysTick_Handler
 .text.USART2_IRQHandler
                0x08000ab4       0x14 ./Core/Src/stm32f2xx_it.o
                0x08000ab4                USART2_IRQHandler
 .text.USART3_IRQHandler
                0x08000ac8       0x14 ./Core/Src/stm32f2xx_it.o
                0x08000ac8                USART3_IRQHandler
 .text.SystemInit
                0x08000adc        0xc ./Core/Src/system_stm32f2xx.o
                0x08000adc                SystemInit
 .text.Reset_Handler
                0x08000ae8       0x50 ./Core/Startup/startup_stm32f207zgtx.o
                0x08000ae8                Reset_Handler
 .text.Default_Handler
                0x08000b38        0x2 ./Core/Startup/startup_stm32f207zgtx.o
                0x08000b38                RTC_Alarm_IRQHandler
                0x08000b38                HASH_RNG_IRQHandler
                0x08000b38                EXTI2_IRQHandler
                0x08000b38                TIM8_CC_IRQHandler
                0x08000b38                TIM1_CC_IRQHandler
                0x08000b38                DMA2_Stream5_IRQHandler
                0x08000b38                DMA1_Stream5_IRQHandler
                0x08000b38                PVD_IRQHandler
                0x08000b38                SDIO_IRQHandler
                0x08000b38                TAMP_STAMP_IRQHandler
                0x08000b38                CAN2_RX1_IRQHandler
                0x08000b38                EXTI3_IRQHandler
                0x08000b38                TIM8_TRG_COM_TIM14_IRQHandler
                0x08000b38                TIM1_UP_TIM10_IRQHandler
                0x08000b38                TIM8_UP_TIM13_IRQHandler
                0x08000b38                I2C3_ER_IRQHandler
                0x08000b38                EXTI0_IRQHandler
                0x08000b38                I2C2_EV_IRQHandler
                0x08000b38                DMA1_Stream2_IRQHandler
                0x08000b38                CAN1_RX0_IRQHandler
                0x08000b38                OTG_HS_WKUP_IRQHandler
                0x08000b38                CAN2_SCE_IRQHandler
                0x08000b38                DMA2_Stream2_IRQHandler
                0x08000b38                SPI1_IRQHandler
                0x08000b38                TIM6_DAC_IRQHandler
                0x08000b38                TIM1_BRK_TIM9_IRQHandler
                0x08000b38                DCMI_IRQHandler
                0x08000b38                CAN2_RX0_IRQHandler
                0x08000b38                DMA2_Stream3_IRQHandler
                0x08000b38                USART6_IRQHandler
                0x08000b38                CAN1_RX1_IRQHandler
                0x08000b38                UART5_IRQHandler
                0x08000b38                DMA2_Stream0_IRQHandler
                0x08000b38                TIM4_IRQHandler
                0x08000b38                I2C1_EV_IRQHandler
                0x08000b38                DMA1_Stream6_IRQHandler
                0x08000b38                DMA1_Stream1_IRQHandler
                0x08000b38                UART4_IRQHandler
                0x08000b38                TIM3_IRQHandler
                0x08000b38                RCC_IRQHandler
                0x08000b38                TIM8_BRK_TIM12_IRQHandler
                0x08000b38                Default_Handler
                0x08000b38                EXTI15_10_IRQHandler
                0x08000b38                ADC_IRQHandler
                0x08000b38                DMA1_Stream7_IRQHandler
                0x08000b38                TIM7_IRQHandler
                0x08000b38                CAN2_TX_IRQHandler
                0x08000b38                TIM5_IRQHandler
                0x08000b38                DMA2_Stream7_IRQHandler
                0x08000b38                I2C3_EV_IRQHandler
                0x08000b38                EXTI9_5_IRQHandler
                0x08000b38                RTC_WKUP_IRQHandler
                0x08000b38                ETH_WKUP_IRQHandler
                0x08000b38                SPI2_IRQHandler
                0x08000b38                OTG_HS_EP1_IN_IRQHandler
                0x08000b38                DMA1_Stream0_IRQHandler
                0x08000b38                CAN1_TX_IRQHandler
                0x08000b38                EXTI4_IRQHandler
                0x08000b38                FSMC_IRQHandler
                0x08000b38                ETH_IRQHandler
                0x08000b38                OTG_HS_EP1_OUT_IRQHandler
                0x08000b38                WWDG_IRQHandler
                0x08000b38                TIM2_IRQHandler
                0x08000b38                OTG_FS_WKUP_IRQHandler
                0x08000b38                TIM1_TRG_COM_TIM11_IRQHandler
                0x08000b38                OTG_HS_IRQHandler
                0x08000b38                EXTI1_IRQHandler
                0x08000b38                I2C2_ER_IRQHandler
                0x08000b38                DMA2_Stream1_IRQHandler
                0x08000b38                CAN1_SCE_IRQHandler
                0x08000b38                FLASH_IRQHandler
                0x08000b38                DMA2_Stream4_IRQHandler
                0x08000b38                USART1_IRQHandler
                0x08000b38                OTG_FS_IRQHandler
                0x08000b38                SPI3_IRQHandler
                0x08000b38                DMA1_Stream4_IRQHandler
                0x08000b38                I2C1_ER_IRQHandler
                0x08000b38                DMA2_Stream6_IRQHandler
                0x08000b38                DMA1_Stream3_IRQHandler
 *fill*         0x08000b3a        0x2 
 .text.HAL_Init
                0x08000b3c       0x44 ./Drivers/STM32F2xx_HAL_Driver/Src/stm32f2xx_hal.o
                0x08000b3c                HAL_Init
 .text.HAL_InitTick
                0x08000b80       0x60 ./Drivers/STM32F2xx_HAL_Driver/Src/stm32f2xx_hal.o
                0x08000b80                HAL_InitTick
 .text.HAL_IncTick
                0x08000be0       0x24 ./Drivers/STM32F2xx_HAL_Driver/Src/stm32f2xx_hal.o
                0x08000be0                HAL_IncTick
 .text.HAL_GetTick
                0x08000c04       0x14 ./Drivers/STM32F2xx_HAL_Driver/Src/stm32f2xx_hal.o
                0x08000c04                HAL_GetTick
 .text.HAL_Delay
                0x08000c18       0x48 ./Drivers/STM32F2xx_HAL_Driver/Src/stm32f2xx_hal.o
                0x08000c18                HAL_Delay
 .text.__NVIC_SetPriorityGrouping
                0x08000c60       0x48 ./Drivers/STM32F2xx_HAL_Driver/Src/stm32f2xx_hal_cortex.o
 .text.__NVIC_GetPriorityGrouping
                0x08000ca8       0x1c ./Drivers/STM32F2xx_HAL_Driver/Src/stm32f2xx_hal_cortex.o
 .text.__NVIC_EnableIRQ
                0x08000cc4       0x38 ./Drivers/STM32F2xx_HAL_Driver/Src/stm32f2xx_hal_cortex.o
 .text.__NVIC_SetPriority
                0x08000cfc       0x54 ./Drivers/STM32F2xx_HAL_Driver/Src/stm32f2xx_hal_cortex.o
 .text.NVIC_EncodePriority
                0x08000d50       0x64 ./Drivers/STM32F2xx_HAL_Driver/Src/stm32f2xx_hal_cortex.o
 .text.SysTick_Config
                0x08000db4       0x44 ./Drivers/STM32F2xx_HAL_Driver/Src/stm32f2xx_hal_cortex.o
 .text.HAL_NVIC_SetPriorityGrouping
                0x08000df8       0x16 ./Drivers/STM32F2xx_HAL_Driver/Src/stm32f2xx_hal_cortex.o
                0x08000df8                HAL_NVIC_SetPriorityGrouping
 .text.HAL_NVIC_SetPriority
                0x08000e0e       0x38 ./Drivers/STM32F2xx_HAL_Driver/Src/stm32f2xx_hal_cortex.o
                0x08000e0e                HAL_NVIC_SetPriority
 .text.HAL_NVIC_EnableIRQ
                0x08000e46       0x1c ./Drivers/STM32F2xx_HAL_Driver/Src/stm32f2xx_hal_cortex.o
                0x08000e46                HAL_NVIC_EnableIRQ
 .text.HAL_SYSTICK_Config
                0x08000e62       0x18 ./Drivers/STM32F2xx_HAL_Driver/Src/stm32f2xx_hal_cortex.o
                0x08000e62                HAL_SYSTICK_Config
 .text.HAL_DMA_Abort
                0x08000e7a       0xe0 ./Drivers/STM32F2xx_HAL_Driver/Src/stm32f2xx_hal_dma.o
                0x08000e7a                HAL_DMA_Abort
 .text.HAL_DMA_Abort_IT
                0x08000f5a       0x42 ./Drivers/STM32F2xx_HAL_Driver/Src/stm32f2xx_hal_dma.o
                0x08000f5a                HAL_DMA_Abort_IT
 .text.HAL_GPIO_Init
                0x08000f9c      0x33c ./Drivers/STM32F2xx_HAL_Driver/Src/stm32f2xx_hal_gpio.o
                0x08000f9c                HAL_GPIO_Init
 .text.HAL_GPIO_WritePin
                0x080012d8       0x30 ./Drivers/STM32F2xx_HAL_Driver/Src/stm32f2xx_hal_gpio.o
                0x080012d8                HAL_GPIO_WritePin
 .text.HAL_PCD_Init
                0x08001308      0x21e ./Drivers/STM32F2xx_HAL_Driver/Src/stm32f2xx_hal_pcd.o
                0x08001308                HAL_PCD_Init
 *fill*         0x08001526        0x2 
 .text.HAL_RCC_OscConfig
                0x08001528      0x4a8 ./Drivers/STM32F2xx_HAL_Driver/Src/stm32f2xx_hal_rcc.o
                0x08001528                HAL_RCC_OscConfig
 .text.HAL_RCC_ClockConfig
                0x080019d0      0x1d8 ./Drivers/STM32F2xx_HAL_Driver/Src/stm32f2xx_hal_rcc.o
                0x080019d0                HAL_RCC_ClockConfig
 .text.HAL_RCC_GetSysClockFreq
                0x08001ba8      0x218 ./Drivers/STM32F2xx_HAL_Driver/Src/stm32f2xx_hal_rcc.o
                0x08001ba8                HAL_RCC_GetSysClockFreq
 .text.HAL_RCC_GetHCLKFreq
                0x08001dc0       0x14 ./Drivers/STM32F2xx_HAL_Driver/Src/stm32f2xx_hal_rcc.o
                0x08001dc0                HAL_RCC_GetHCLKFreq
 .text.HAL_RCC_GetPCLK1Freq
                0x08001dd4       0x44 ./Drivers/STM32F2xx_HAL_Driver/Src/stm32f2xx_hal_rcc.o
                0x08001dd4                HAL_RCC_GetPCLK1Freq
 .text.HAL_RCC_GetPCLK2Freq
                0x08001e18       0x44 ./Drivers/STM32F2xx_HAL_Driver/Src/stm32f2xx_hal_rcc.o
                0x08001e18                HAL_RCC_GetPCLK2Freq
 .text.HAL_UART_Init
                0x08001e5c       0xa0 ./Drivers/STM32F2xx_HAL_Driver/Src/stm32f2xx_hal_uart.o
                0x08001e5c                HAL_UART_Init
 .text.HAL_UART_Transmit_IT
                0x08001efc       0x6a ./Drivers/STM32F2xx_HAL_Driver/Src/stm32f2xx_hal_uart.o
                0x08001efc                HAL_UART_Transmit_IT
 .text.HAL_UART_Receive_IT
                0x08001f66       0x4a ./Drivers/STM32F2xx_HAL_Driver/Src/stm32f2xx_hal_uart.o
                0x08001f66                HAL_UART_Receive_IT
 .text.HAL_UART_IRQHandler
                0x08001fb0      0x524 ./Drivers/STM32F2xx_HAL_Driver/Src/stm32f2xx_hal_uart.o
                0x08001fb0                HAL_UART_IRQHandler
 .text.HAL_UART_TxCpltCallback
                0x080024d4       0x12 ./Drivers/STM32F2xx_HAL_Driver/Src/stm32f2xx_hal_uart.o
                0x080024d4                HAL_UART_TxCpltCallback
 .text.HAL_UART_ErrorCallback
                0x080024e6       0x12 ./Drivers/STM32F2xx_HAL_Driver/Src/stm32f2xx_hal_uart.o
                0x080024e6                HAL_UART_ErrorCallback
 .text.HAL_UARTEx_RxEventCallback
                0x080024f8       0x16 ./Drivers/STM32F2xx_HAL_Driver/Src/stm32f2xx_hal_uart.o
                0x080024f8                HAL_UARTEx_RxEventCallback
 .text.UART_Start_Receive_IT
                0x0800250e       0x72 ./Drivers/STM32F2xx_HAL_Driver/Src/stm32f2xx_hal_uart.o
                0x0800250e                UART_Start_Receive_IT
 .text.UART_EndRxTransfer
                0x08002580       0xc4 ./Drivers/STM32F2xx_HAL_Driver/Src/stm32f2xx_hal_uart.o
 .text.UART_DMAAbortOnError
                0x08002644       0x28 ./Drivers/STM32F2xx_HAL_Driver/Src/stm32f2xx_hal_uart.o
 .text.UART_Transmit_IT
                0x0800266c       0x9e ./Drivers/STM32F2xx_HAL_Driver/Src/stm32f2xx_hal_uart.o
 .text.UART_EndTransmit_IT
                0x0800270a       0x30 ./Drivers/STM32F2xx_HAL_Driver/Src/stm32f2xx_hal_uart.o
 .text.UART_Receive_IT
                0x0800273a      0x17c ./Drivers/STM32F2xx_HAL_Driver/Src/stm32f2xx_hal_uart.o
 *fill*         0x080028b6        0x2 
 .text.UART_SetConfig
                0x080028b8      0x1d4 ./Drivers/STM32F2xx_HAL_Driver/Src/stm32f2xx_hal_uart.o
 .text.USB_CoreInit
                0x08002a8c       0xb2 ./Drivers/STM32F2xx_HAL_Driver/Src/stm32f2xx_ll_usb.o
                0x08002a8c                USB_CoreInit
 .text.USB_DisableGlobalInt
                0x08002b3e       0x20 ./Drivers/STM32F2xx_HAL_Driver/Src/stm32f2xx_ll_usb.o
                0x08002b3e                USB_DisableGlobalInt
 .text.USB_SetCurrentMode
                0x08002b5e       0x98 ./Drivers/STM32F2xx_HAL_Driver/Src/stm32f2xx_ll_usb.o
                0x08002b5e                USB_SetCurrentMode
 *fill*         0x08002bf6        0x2 
 .text.USB_DevInit
                0x08002bf8      0x2c8 ./Drivers/STM32F2xx_HAL_Driver/Src/stm32f2xx_ll_usb.o
                0x08002bf8                USB_DevInit
 .text.USB_FlushTxFifo
                0x08002ec0       0x62 ./Drivers/STM32F2xx_HAL_Driver/Src/stm32f2xx_ll_usb.o
                0x08002ec0                USB_FlushTxFifo
 .text.USB_FlushRxFifo
                0x08002f22       0x5a ./Drivers/STM32F2xx_HAL_Driver/Src/stm32f2xx_ll_usb.o
                0x08002f22                USB_FlushRxFifo
 .text.USB_SetDevSpeed
                0x08002f7c       0x30 ./Drivers/STM32F2xx_HAL_Driver/Src/stm32f2xx_ll_usb.o
                0x08002f7c                USB_SetDevSpeed
 .text.USB_DevDisconnect
                0x08002fac       0x40 ./Drivers/STM32F2xx_HAL_Driver/Src/stm32f2xx_ll_usb.o
                0x08002fac                USB_DevDisconnect
 .text.USB_GetMode
                0x08002fec       0x1a ./Drivers/STM32F2xx_HAL_Driver/Src/stm32f2xx_ll_usb.o
                0x08002fec                USB_GetMode
 .text.USB_CoreReset
                0x08003006       0x60 ./Drivers/STM32F2xx_HAL_Driver/Src/stm32f2xx_ll_usb.o
 .text.memset   0x08003066       0x10 C:/ST/STM32CubeIDE_1.16.0/STM32CubeIDE/plugins/com.st.stm32cube.ide.mcu.externaltools.gnu-tools-for-stm32.12.3.rel1.win32_1.0.200.202406191623/tools/bin/../lib/gcc/arm-none-eabi/12.3.1/../../../../arm-none-eabi/lib/thumb/v7-m/nofp\libc_nano.a(libc_a-memset.o)
                0x08003066                memset
 *fill*         0x08003076        0x2 
 .text.__libc_init_array
                0x08003078       0x48 C:/ST/STM32CubeIDE_1.16.0/STM32CubeIDE/plugins/com.st.stm32cube.ide.mcu.externaltools.gnu-tools-for-stm32.12.3.rel1.win32_1.0.200.202406191623/tools/bin/../lib/gcc/arm-none-eabi/12.3.1/../../../../arm-none-eabi/lib/thumb/v7-m/nofp\libc_nano.a(libc_a-init.o)
                0x08003078                __libc_init_array
 *(.glue_7)
 .glue_7        0x080030c0        0x0 linker stubs
 *(.glue_7t)
 .glue_7t       0x080030c0        0x0 linker stubs
 *(.eh_frame)
 .eh_frame      0x080030c0        0x0 C:/ST/STM32CubeIDE_1.16.0/STM32CubeIDE/plugins/com.st.stm32cube.ide.mcu.externaltools.gnu-tools-for-stm32.12.3.rel1.win32_1.0.200.202406191623/tools/bin/../lib/gcc/arm-none-eabi/12.3.1/thumb/v7-m/nofp/crtbegin.o
 *(.init)
 .init          0x080030c0        0x4 C:/ST/STM32CubeIDE_1.16.0/STM32CubeIDE/plugins/com.st.stm32cube.ide.mcu.externaltools.gnu-tools-for-stm32.12.3.rel1.win32_1.0.200.202406191623/tools/bin/../lib/gcc/arm-none-eabi/12.3.1/thumb/v7-m/nofp/crti.o
                0x080030c0                _init
 .init          0x080030c4        0x8 C:/ST/STM32CubeIDE_1.16.0/STM32CubeIDE/plugins/com.st.stm32cube.ide.mcu.externaltools.gnu-tools-for-stm32.12.3.rel1.win32_1.0.200.202406191623/tools/bin/../lib/gcc/arm-none-eabi/12.3.1/thumb/v7-m/nofp/crtn.o
 *(.fini)
 .fini          0x080030cc        0x4 C:/ST/STM32CubeIDE_1.16.0/STM32CubeIDE/plugins/com.st.stm32cube.ide.mcu.externaltools.gnu-tools-for-stm32.12.3.rel1.win32_1.0.200.202406191623/tools/bin/../lib/gcc/arm-none-eabi/12.3.1/thumb/v7-m/nofp/crti.o
                0x080030cc                _fini
 .fini          0x080030d0        0x8 C:/ST/STM32CubeIDE_1.16.0/STM32CubeIDE/plugins/com.st.stm32cube.ide.mcu.externaltools.gnu-tools-for-stm32.12.3.rel1.win32_1.0.200.202406191623/tools/bin/../lib/gcc/arm-none-eabi/12.3.1/thumb/v7-m/nofp/crtn.o
                0x080030d8                        . = ALIGN (0x4)
                0x080030d8                        _etext = .

.vfp11_veneer   0x080030d8        0x0
 .vfp11_veneer  0x080030d8        0x0 linker stubs

.v4_bx          0x080030d8        0x0
 .v4_bx         0x080030d8        0x0 linker stubs

.iplt           0x080030d8        0x0
 .iplt          0x080030d8        0x0 C:/ST/STM32CubeIDE_1.16.0/STM32CubeIDE/plugins/com.st.stm32cube.ide.mcu.externaltools.gnu-tools-for-stm32.12.3.rel1.win32_1.0.200.202406191623/tools/bin/../lib/gcc/arm-none-eabi/12.3.1/thumb/v7-m/nofp/crtbegin.o

.rodata         0x080030d8       0x18
                0x080030d8                        . = ALIGN (0x4)
 *(.rodata)
 *(.rodata*)
 .rodata.AHBPrescTable
                0x080030d8       0x10 ./Core/Src/system_stm32f2xx.o
                0x080030d8                AHBPrescTable
 .rodata.APBPrescTable
                0x080030e8        0x8 ./Core/Src/system_stm32f2xx.o
                0x080030e8                APBPrescTable
                0x080030f0                        . = ALIGN (0x4)

.ARM.extab      0x080030f0        0x0
                0x080030f0                        . = ALIGN (0x4)
 *(.ARM.extab* .gnu.linkonce.armextab.*)
                0x080030f0                        . = ALIGN (0x4)

.ARM            0x080030f0        0x8
                0x080030f0                        . = ALIGN (0x4)
                0x080030f0                        __exidx_start = .
 *(.ARM.exidx*)
 .ARM.exidx     0x080030f0        0x8 C:/ST/STM32CubeIDE_1.16.0/STM32CubeIDE/plugins/com.st.stm32cube.ide.mcu.externaltools.gnu-tools-for-stm32.12.3.rel1.win32_1.0.200.202406191623/tools/bin/../lib/gcc/arm-none-eabi/12.3.1/thumb/v7-m/nofp\libgcc.a(_udivmoddi4.o)
                0x080030f8                        __exidx_end = .
                0x080030f8                        . = ALIGN (0x4)

.preinit_array  0x080030f8        0x0
                0x080030f8                        . = ALIGN (0x4)
                0x080030f8                        PROVIDE (__preinit_array_start = .)
 *(.preinit_array*)
                0x080030f8                        PROVIDE (__preinit_array_end = .)
                0x080030f8                        . = ALIGN (0x4)

.init_array     0x080030f8        0x4
                0x080030f8                        . = ALIGN (0x4)
                0x080030f8                        PROVIDE (__init_array_start = .)
 *(SORT_BY_NAME(.init_array.*))
 *(.init_array*)
 .init_array    0x080030f8        0x4 C:/ST/STM32CubeIDE_1.16.0/STM32CubeIDE/plugins/com.st.stm32cube.ide.mcu.externaltools.gnu-tools-for-stm32.12.3.rel1.win32_1.0.200.202406191623/tools/bin/../lib/gcc/arm-none-eabi/12.3.1/thumb/v7-m/nofp/crtbegin.o
                0x080030fc                        PROVIDE (__init_array_end = .)
                0x080030fc                        . = ALIGN (0x4)

.fini_array     0x080030fc        0x4
                0x080030fc                        . = ALIGN (0x4)
                [!provide]                        PROVIDE (__fini_array_start = .)
 *(SORT_BY_NAME(.fini_array.*))
 *(.fini_array*)
 .fini_array    0x080030fc        0x4 C:/ST/STM32CubeIDE_1.16.0/STM32CubeIDE/plugins/com.st.stm32cube.ide.mcu.externaltools.gnu-tools-for-stm32.12.3.rel1.win32_1.0.200.202406191623/tools/bin/../lib/gcc/arm-none-eabi/12.3.1/thumb/v7-m/nofp/crtbegin.o
                [!provide]                        PROVIDE (__fini_array_end = .)
                0x08003100                        . = ALIGN (0x4)
                0x08003100                        _sidata = LOADADDR (.data)

.rel.dyn        0x08003100        0x0
 .rel.iplt      0x08003100        0x0 C:/ST/STM32CubeIDE_1.16.0/STM32CubeIDE/plugins/com.st.stm32cube.ide.mcu.externaltools.gnu-tools-for-stm32.12.3.rel1.win32_1.0.200.202406191623/tools/bin/../lib/gcc/arm-none-eabi/12.3.1/thumb/v7-m/nofp/crtbegin.o

.data           0x20000000        0xc load address 0x08003100
                0x20000000                        . = ALIGN (0x4)
                0x20000000                        _sdata = .
 *(.data)
 *(.data*)
 .data.SystemCoreClock
                0x20000000        0x4 ./Core/Src/system_stm32f2xx.o
                0x20000000                SystemCoreClock
 .data.uwTickPrio
                0x20000004        0x4 ./Drivers/STM32F2xx_HAL_Driver/Src/stm32f2xx_hal.o
                0x20000004                uwTickPrio
 .data.uwTickFreq
                0x20000008        0x1 ./Drivers/STM32F2xx_HAL_Driver/Src/stm32f2xx_hal.o
                0x20000008                uwTickFreq
 *(.RamFunc)
 *(.RamFunc*)
                0x2000000c                        . = ALIGN (0x4)
 *fill*         0x20000009        0x3 
                0x2000000c                        _edata = .

.igot.plt       0x2000000c        0x0 load address 0x0800310c
 .igot.plt      0x2000000c        0x0 C:/ST/STM32CubeIDE_1.16.0/STM32CubeIDE/plugins/com.st.stm32cube.ide.mcu.externaltools.gnu-tools-for-stm32.12.3.rel1.win32_1.0.200.202406191623/tools/bin/../lib/gcc/arm-none-eabi/12.3.1/thumb/v7-m/nofp/crtbegin.o
                0x2000000c                        . = ALIGN (0x4)

.bss            0x2000000c      0x590 load address 0x0800310c
                0x2000000c                        _sbss = .
                0x2000000c                        __bss_start__ = _sbss
 *(.bss)
 .bss           0x2000000c       0x1c C:/ST/STM32CubeIDE_1.16.0/STM32CubeIDE/plugins/com.st.stm32cube.ide.mcu.externaltools.gnu-tools-for-stm32.12.3.rel1.win32_1.0.200.202406191623/tools/bin/../lib/gcc/arm-none-eabi/12.3.1/thumb/v7-m/nofp/crtbegin.o
 *(.bss*)
 .bss.huart2    0x20000028       0x48 ./Core/Src/main.o
                0x20000028                huart2
 .bss.huart3    0x20000070       0x48 ./Core/Src/main.o
                0x20000070                huart3
 .bss.hpcd_USB_OTG_FS
                0x200000b8      0x4dc ./Core/Src/main.o
                0x200000b8                hpcd_USB_OTG_FS
 .bss.data      0x20000594        0x1 ./Core/Src/main.o
                0x20000594                data
 *fill*         0x20000595        0x3 
 .bss.uwTick    0x20000598        0x4 ./Drivers/STM32F2xx_HAL_Driver/Src/stm32f2xx_hal.o
                0x20000598                uwTick
 *(COMMON)
                0x2000059c                        . = ALIGN (0x4)
                0x2000059c                        _ebss = .
                0x2000059c                        __bss_end__ = _ebss

._user_heap_stack
                0x2000059c      0x604 load address 0x0800310c
                0x200005a0                        . = ALIGN (0x8)
 *fill*         0x2000059c        0x4 
                [!provide]                        PROVIDE (end = .)
                0x200005a0                        PROVIDE (_end = .)
                0x200007a0                        . = (. + _Min_Heap_Size)
 *fill*         0x200005a0      0x200 
                0x20000ba0                        . = (. + _Min_Stack_Size)
 *fill*         0x200007a0      0x400 
                0x20000ba0                        . = ALIGN (0x8)

/DISCARD/
 libc.a(*)
 libm.a(*)
 libgcc.a(*)

.ARM.attributes
                0x00000000       0x29
 *(.ARM.attributes)
 .ARM.attributes
                0x00000000       0x1d C:/ST/STM32CubeIDE_1.16.0/STM32CubeIDE/plugins/com.st.stm32cube.ide.mcu.externaltools.gnu-tools-for-stm32.12.3.rel1.win32_1.0.200.202406191623/tools/bin/../lib/gcc/arm-none-eabi/12.3.1/thumb/v7-m/nofp/crti.o
 .ARM.attributes
                0x0000001d       0x2d C:/ST/STM32CubeIDE_1.16.0/STM32CubeIDE/plugins/com.st.stm32cube.ide.mcu.externaltools.gnu-tools-for-stm32.12.3.rel1.win32_1.0.200.202406191623/tools/bin/../lib/gcc/arm-none-eabi/12.3.1/thumb/v7-m/nofp/crtbegin.o
 .ARM.attributes
                0x0000004a       0x2d ./Core/Src/main.o
 .ARM.attributes
                0x00000077       0x2d ./Core/Src/stm32f2xx_hal_msp.o
 .ARM.attributes
                0x000000a4       0x2d ./Core/Src/stm32f2xx_it.o
 .ARM.attributes
                0x000000d1       0x2d ./Core/Src/system_stm32f2xx.o
 .ARM.attributes
                0x000000fe       0x21 ./Core/Startup/startup_stm32f207zgtx.o
 .ARM.attributes
                0x0000011f       0x2d ./Drivers/STM32F2xx_HAL_Driver/Src/stm32f2xx_hal.o
 .ARM.attributes
                0x0000014c       0x2d ./Drivers/STM32F2xx_HAL_Driver/Src/stm32f2xx_hal_cortex.o
 .ARM.attributes
                0x00000179       0x2d ./Drivers/STM32F2xx_HAL_Driver/Src/stm32f2xx_hal_dma.o
 .ARM.attributes
                0x000001a6       0x2d ./Drivers/STM32F2xx_HAL_Driver/Src/stm32f2xx_hal_gpio.o
 .ARM.attributes
                0x000001d3       0x2d ./Drivers/STM32F2xx_HAL_Driver/Src/stm32f2xx_hal_pcd.o
 .ARM.attributes
                0x00000200       0x2d ./Drivers/STM32F2xx_HAL_Driver/Src/stm32f2xx_hal_rcc.o
 .ARM.attributes
                0x0000022d       0x2d ./Drivers/STM32F2xx_HAL_Driver/Src/stm32f2xx_hal_uart.o
 .ARM.attributes
                0x0000025a       0x2d ./Drivers/STM32F2xx_HAL_Driver/Src/stm32f2xx_ll_usb.o
 .ARM.attributes
                0x00000287       0x2d C:/ST/STM32CubeIDE_1.16.0/STM32CubeIDE/plugins/com.st.stm32cube.ide.mcu.externaltools.gnu-tools-for-stm32.12.3.rel1.win32_1.0.200.202406191623/tools/bin/../lib/gcc/arm-none-eabi/12.3.1/../../../../arm-none-eabi/lib/thumb/v7-m/nofp\libc_nano.a(libc_a-memset.o)
 .ARM.attributes
                0x000002b4       0x2d C:/ST/STM32CubeIDE_1.16.0/STM32CubeIDE/plugins/com.st.stm32cube.ide.mcu.externaltools.gnu-tools-for-stm32.12.3.rel1.win32_1.0.200.202406191623/tools/bin/../lib/gcc/arm-none-eabi/12.3.1/../../../../arm-none-eabi/lib/thumb/v7-m/nofp\libc_nano.a(libc_a-init.o)
 .ARM.attributes
                0x000002e1       0x1d C:/ST/STM32CubeIDE_1.16.0/STM32CubeIDE/plugins/com.st.stm32cube.ide.mcu.externaltools.gnu-tools-for-stm32.12.3.rel1.win32_1.0.200.202406191623/tools/bin/../lib/gcc/arm-none-eabi/12.3.1/thumb/v7-m/nofp\libgcc.a(_aeabi_uldivmod.o)
 .ARM.attributes
                0x000002fe       0x2d C:/ST/STM32CubeIDE_1.16.0/STM32CubeIDE/plugins/com.st.stm32cube.ide.mcu.externaltools.gnu-tools-for-stm32.12.3.rel1.win32_1.0.200.202406191623/tools/bin/../lib/gcc/arm-none-eabi/12.3.1/thumb/v7-m/nofp\libgcc.a(_udivmoddi4.o)
 .ARM.attributes
                0x0000032b       0x1d C:/ST/STM32CubeIDE_1.16.0/STM32CubeIDE/plugins/com.st.stm32cube.ide.mcu.externaltools.gnu-tools-for-stm32.12.3.rel1.win32_1.0.200.202406191623/tools/bin/../lib/gcc/arm-none-eabi/12.3.1/thumb/v7-m/nofp\libgcc.a(_dvmd_tls.o)
 .ARM.attributes
                0x00000348       0x1d C:/ST/STM32CubeIDE_1.16.0/STM32CubeIDE/plugins/com.st.stm32cube.ide.mcu.externaltools.gnu-tools-for-stm32.12.3.rel1.win32_1.0.200.202406191623/tools/bin/../lib/gcc/arm-none-eabi/12.3.1/thumb/v7-m/nofp/crtn.o
OUTPUT(Uart_test_master.elf elf32-littlearm)
LOAD linker stubs
LOAD C:/ST/STM32CubeIDE_1.16.0/STM32CubeIDE/plugins/com.st.stm32cube.ide.mcu.externaltools.gnu-tools-for-stm32.12.3.rel1.win32_1.0.200.202406191623/tools/bin/../lib/gcc/arm-none-eabi/12.3.1/../../../../arm-none-eabi/lib/thumb/v7-m/nofp\libc.a
LOAD C:/ST/STM32CubeIDE_1.16.0/STM32CubeIDE/plugins/com.st.stm32cube.ide.mcu.externaltools.gnu-tools-for-stm32.12.3.rel1.win32_1.0.200.202406191623/tools/bin/../lib/gcc/arm-none-eabi/12.3.1/../../../../arm-none-eabi/lib/thumb/v7-m/nofp\libm.a
LOAD C:/ST/STM32CubeIDE_1.16.0/STM32CubeIDE/plugins/com.st.stm32cube.ide.mcu.externaltools.gnu-tools-for-stm32.12.3.rel1.win32_1.0.200.202406191623/tools/bin/../lib/gcc/arm-none-eabi/12.3.1/thumb/v7-m/nofp\libgcc.a

.debug_info     0x00000000     0xc85c
 .debug_info    0x00000000     0x17c1 ./Core/Src/main.o
 .debug_info    0x000017c1     0x1863 ./Core/Src/stm32f2xx_hal_msp.o
 .debug_info    0x00003024      0x651 ./Core/Src/stm32f2xx_it.o
 .debug_info    0x00003675      0x31f ./Core/Src/system_stm32f2xx.o
 .debug_info    0x00003994       0x30 ./Core/Startup/startup_stm32f207zgtx.o
 .debug_info    0x000039c4      0x9c3 ./Drivers/STM32F2xx_HAL_Driver/Src/stm32f2xx_hal.o
 .debug_info    0x00004387      0xd7b ./Drivers/STM32F2xx_HAL_Driver/Src/stm32f2xx_hal_cortex.o
 .debug_info    0x00005102      0x8e7 ./Drivers/STM32F2xx_HAL_Driver/Src/stm32f2xx_hal_dma.o
 .debug_info    0x000059e9      0x68e ./Drivers/STM32F2xx_HAL_Driver/Src/stm32f2xx_hal_gpio.o
 .debug_info    0x00006077     0x14e2 ./Drivers/STM32F2xx_HAL_Driver/Src/stm32f2xx_hal_pcd.o
 .debug_info    0x00007559      0xa39 ./Drivers/STM32F2xx_HAL_Driver/Src/stm32f2xx_hal_rcc.o
 .debug_info    0x00007f92     0x2f37 ./Drivers/STM32F2xx_HAL_Driver/Src/stm32f2xx_hal_uart.o
 .debug_info    0x0000aec9     0x1993 ./Drivers/STM32F2xx_HAL_Driver/Src/stm32f2xx_ll_usb.o

.debug_abbrev   0x00000000     0x1d5a
 .debug_abbrev  0x00000000      0x311 ./Core/Src/main.o
 .debug_abbrev  0x00000311      0x269 ./Core/Src/stm32f2xx_hal_msp.o
 .debug_abbrev  0x0000057a      0x177 ./Core/Src/stm32f2xx_it.o
 .debug_abbrev  0x000006f1      0x11c ./Core/Src/system_stm32f2xx.o
 .debug_abbrev  0x0000080d       0x24 ./Core/Startup/startup_stm32f207zgtx.o
 .debug_abbrev  0x00000831      0x286 ./Drivers/STM32F2xx_HAL_Driver/Src/stm32f2xx_hal.o
 .debug_abbrev  0x00000ab7      0x31c ./Drivers/STM32F2xx_HAL_Driver/Src/stm32f2xx_hal_cortex.o
 .debug_abbrev  0x00000dd3      0x264 ./Drivers/STM32F2xx_HAL_Driver/Src/stm32f2xx_hal_dma.o
 .debug_abbrev  0x00001037      0x1cb ./Drivers/STM32F2xx_HAL_Driver/Src/stm32f2xx_hal_gpio.o
 .debug_abbrev  0x00001202      0x2c1 ./Drivers/STM32F2xx_HAL_Driver/Src/stm32f2xx_hal_pcd.o
 .debug_abbrev  0x000014c3      0x2d6 ./Drivers/STM32F2xx_HAL_Driver/Src/stm32f2xx_hal_rcc.o
 .debug_abbrev  0x00001799      0x30e ./Drivers/STM32F2xx_HAL_Driver/Src/stm32f2xx_hal_uart.o
 .debug_abbrev  0x00001aa7      0x2b3 ./Drivers/STM32F2xx_HAL_Driver/Src/stm32f2xx_ll_usb.o

.debug_aranges  0x00000000      0x9e8
 .debug_aranges
                0x00000000       0x60 ./Core/Src/main.o
 .debug_aranges
                0x00000060       0x50 ./Core/Src/stm32f2xx_hal_msp.o
 .debug_aranges
                0x000000b0       0x70 ./Core/Src/stm32f2xx_it.o
 .debug_aranges
                0x00000120       0x28 ./Core/Src/system_stm32f2xx.o
 .debug_aranges
                0x00000148       0x28 ./Core/Startup/startup_stm32f207zgtx.o
 .debug_aranges
                0x00000170       0xf0 ./Drivers/STM32F2xx_HAL_Driver/Src/stm32f2xx_hal.o
 .debug_aranges
                0x00000260      0x128 ./Drivers/STM32F2xx_HAL_Driver/Src/stm32f2xx_hal_cortex.o
 .debug_aranges
                0x00000388       0x90 ./Drivers/STM32F2xx_HAL_Driver/Src/stm32f2xx_hal_dma.o
 .debug_aranges
                0x00000418       0x58 ./Drivers/STM32F2xx_HAL_Driver/Src/stm32f2xx_hal_gpio.o
 .debug_aranges
                0x00000470      0x148 ./Drivers/STM32F2xx_HAL_Driver/Src/stm32f2xx_hal_pcd.o
 .debug_aranges
                0x000005b8       0x88 ./Drivers/STM32F2xx_HAL_Driver/Src/stm32f2xx_hal_rcc.o
 .debug_aranges
                0x00000640      0x208 ./Drivers/STM32F2xx_HAL_Driver/Src/stm32f2xx_hal_uart.o
 .debug_aranges
                0x00000848      0x1a0 ./Drivers/STM32F2xx_HAL_Driver/Src/stm32f2xx_ll_usb.o

.debug_rnglists
                0x00000000      0x79d
 .debug_rnglists
                0x00000000       0x46 ./Core/Src/main.o
 .debug_rnglists
                0x00000046       0x3a ./Core/Src/stm32f2xx_hal_msp.o
 .debug_rnglists
                0x00000080       0x4f ./Core/Src/stm32f2xx_it.o
 .debug_rnglists
                0x000000cf       0x1a ./Core/Src/system_stm32f2xx.o
 .debug_rnglists
                0x000000e9       0x19 ./Core/Startup/startup_stm32f207zgtx.o
 .debug_rnglists
                0x00000102       0xaf ./Drivers/STM32F2xx_HAL_Driver/Src/stm32f2xx_hal.o
 .debug_rnglists
                0x000001b1       0xd9 ./Drivers/STM32F2xx_HAL_Driver/Src/stm32f2xx_hal_cortex.o
 .debug_rnglists
                0x0000028a       0x70 ./Drivers/STM32F2xx_HAL_Driver/Src/stm32f2xx_hal_dma.o
 .debug_rnglists
                0x000002fa       0x3f ./Drivers/STM32F2xx_HAL_Driver/Src/stm32f2xx_hal_gpio.o
 .debug_rnglists
                0x00000339       0xfa ./Drivers/STM32F2xx_HAL_Driver/Src/stm32f2xx_hal_pcd.o
 .debug_rnglists
                0x00000433       0x67 ./Drivers/STM32F2xx_HAL_Driver/Src/stm32f2xx_hal_rcc.o
 .debug_rnglists
                0x0000049a      0x1bc ./Drivers/STM32F2xx_HAL_Driver/Src/stm32f2xx_hal_uart.o
 .debug_rnglists
                0x00000656      0x147 ./Drivers/STM32F2xx_HAL_Driver/Src/stm32f2xx_ll_usb.o

.debug_macro    0x00000000    0x1f7de
 .debug_macro   0x00000000      0x1f0 ./Core/Src/main.o
 .debug_macro   0x000001f0      0xaa8 ./Core/Src/main.o
 .debug_macro   0x00000c98      0x252 ./Core/Src/main.o
 .debug_macro   0x00000eea       0x2e ./Core/Src/main.o
 .debug_macro   0x00000f18       0x22 ./Core/Src/main.o
 .debug_macro   0x00000f3a       0x22 ./Core/Src/main.o
 .debug_macro   0x00000f5c       0x8e ./Core/Src/main.o
 .debug_macro   0x00000fea       0x51 ./Core/Src/main.o
 .debug_macro   0x0000103b      0x103 ./Core/Src/main.o
 .debug_macro   0x0000113e       0x6a ./Core/Src/main.o
 .debug_macro   0x000011a8      0x1df ./Core/Src/main.o
 .debug_macro   0x00001387       0x1c ./Core/Src/main.o
 .debug_macro   0x000013a3       0x22 ./Core/Src/main.o
 .debug_macro   0x000013c5       0xbd ./Core/Src/main.o
 .debug_macro   0x00001482      0xe49 ./Core/Src/main.o
 .debug_macro   0x000022cb      0x11f ./Core/Src/main.o
 .debug_macro   0x000023ea    0x14fe1 ./Core/Src/main.o
 .debug_macro   0x000173cb       0x6d ./Core/Src/main.o
 .debug_macro   0x00017438     0x35b3 ./Core/Src/main.o
 .debug_macro   0x0001a9eb      0x189 ./Core/Src/main.o
 .debug_macro   0x0001ab74       0x55 ./Core/Src/main.o
 .debug_macro   0x0001abc9     0x1056 ./Core/Src/main.o
 .debug_macro   0x0001bc1f      0x153 ./Core/Src/main.o
 .debug_macro   0x0001bd72      0x170 ./Core/Src/main.o
 .debug_macro   0x0001bee2      0x115 ./Core/Src/main.o
 .debug_macro   0x0001bff7      0x108 ./Core/Src/main.o
 .debug_macro   0x0001c0ff       0xa5 ./Core/Src/main.o
 .debug_macro   0x0001c1a4      0x16a ./Core/Src/main.o
 .debug_macro   0x0001c30e      0x287 ./Core/Src/main.o
 .debug_macro   0x0001c595       0x5f ./Core/Src/main.o
 .debug_macro   0x0001c5f4      0x236 ./Core/Src/main.o
 .debug_macro   0x0001c82a      0xcce ./Core/Src/main.o
 .debug_macro   0x0001d4f8      0x126 ./Core/Src/main.o
 .debug_macro   0x0001d61e      0x216 ./Core/Src/main.o
 .debug_macro   0x0001d834       0x2e ./Core/Src/main.o
 .debug_macro   0x0001d862      0x113 ./Core/Src/main.o
 .debug_macro   0x0001d975       0x22 ./Core/Src/main.o
 .debug_macro   0x0001d997       0x82 ./Core/Src/main.o
 .debug_macro   0x0001da19      0x2aa ./Core/Src/main.o
 .debug_macro   0x0001dcc3      0x293 ./Core/Src/main.o
 .debug_macro   0x0001df56       0xba ./Core/Src/main.o
 .debug_macro   0x0001e010      0x12d ./Core/Src/main.o
 .debug_macro   0x0001e13d      0x13c ./Core/Src/main.o
 .debug_macro   0x0001e279      0x1f0 ./Core/Src/stm32f2xx_hal_msp.o
 .debug_macro   0x0001e469      0x1fa ./Core/Src/stm32f2xx_it.o
 .debug_macro   0x0001e663      0x1e1 ./Core/Src/system_stm32f2xx.o
 .debug_macro   0x0001e844      0x22f ./Drivers/STM32F2xx_HAL_Driver/Src/stm32f2xx_hal.o
 .debug_macro   0x0001ea73      0x1e1 ./Drivers/STM32F2xx_HAL_Driver/Src/stm32f2xx_hal_cortex.o
 .debug_macro   0x0001ec54      0x1e7 ./Drivers/STM32F2xx_HAL_Driver/Src/stm32f2xx_hal_dma.o
 .debug_macro   0x0001ee3b      0x1e8 ./Drivers/STM32F2xx_HAL_Driver/Src/stm32f2xx_hal_gpio.o
 .debug_macro   0x0001f023      0x1ed ./Drivers/STM32F2xx_HAL_Driver/Src/stm32f2xx_hal_pcd.o
 .debug_macro   0x0001f210      0x20b ./Drivers/STM32F2xx_HAL_Driver/Src/stm32f2xx_hal_rcc.o
 .debug_macro   0x0001f41b      0x1e2 ./Drivers/STM32F2xx_HAL_Driver/Src/stm32f2xx_hal_uart.o
 .debug_macro   0x0001f5fd      0x1e1 ./Drivers/STM32F2xx_HAL_Driver/Src/stm32f2xx_ll_usb.o

.debug_line     0x00000000     0xc072
 .debug_line    0x00000000      0x91f ./Core/Src/main.o
 .debug_line    0x0000091f      0x8d5 ./Core/Src/stm32f2xx_hal_msp.o
 .debug_line    0x000011f4      0x84d ./Core/Src/stm32f2xx_it.o
 .debug_line    0x00001a41      0x7d7 ./Core/Src/system_stm32f2xx.o
 .debug_line    0x00002218       0x7a ./Core/Startup/startup_stm32f207zgtx.o
 .debug_line    0x00002292      0xa74 ./Drivers/STM32F2xx_HAL_Driver/Src/stm32f2xx_hal.o
 .debug_line    0x00002d06      0xd1f ./Drivers/STM32F2xx_HAL_Driver/Src/stm32f2xx_hal_cortex.o
 .debug_line    0x00003a25      0xfb8 ./Drivers/STM32F2xx_HAL_Driver/Src/stm32f2xx_hal_dma.o
 .debug_line    0x000049dd      0xbda ./Drivers/STM32F2xx_HAL_Driver/Src/stm32f2xx_hal_gpio.o
 .debug_line    0x000055b7     0x14a0 ./Drivers/STM32F2xx_HAL_Driver/Src/stm32f2xx_hal_pcd.o
 .debug_line    0x00006a57      0xf05 ./Drivers/STM32F2xx_HAL_Driver/Src/stm32f2xx_hal_rcc.o
 .debug_line    0x0000795c     0x2911 ./Drivers/STM32F2xx_HAL_Driver/Src/stm32f2xx_hal_uart.o
 .debug_line    0x0000a26d     0x1e05 ./Drivers/STM32F2xx_HAL_Driver/Src/stm32f2xx_ll_usb.o

.debug_str      0x00000000    0xc13ee
 .debug_str     0x00000000    0xbea78 ./Core/Src/main.o
                              0xbed88 (size before relaxing)
 .debug_str     0x000bea78      0x5d9 ./Core/Src/stm32f2xx_hal_msp.o
                              0xbf080 (size before relaxing)
 .debug_str     0x000bf051      0x101 ./Core/Src/stm32f2xx_it.o
                              0xbe289 (size before relaxing)
 .debug_str     0x000bf152       0x87 ./Core/Src/system_stm32f2xx.o
                              0xbd9ae (size before relaxing)
 .debug_str     0x000bf1d9       0x44 ./Core/Startup/startup_stm32f207zgtx.o
                                 0x7f (size before relaxing)
 .debug_str     0x000bf21d      0x56d ./Drivers/STM32F2xx_HAL_Driver/Src/stm32f2xx_hal.o
                              0xbe4fa (size before relaxing)
 .debug_str     0x000bf78a      0x3ad ./Drivers/STM32F2xx_HAL_Driver/Src/stm32f2xx_hal_cortex.o
                              0xbe2f1 (size before relaxing)
 .debug_str     0x000bfb37      0x322 ./Drivers/STM32F2xx_HAL_Driver/Src/stm32f2xx_hal_dma.o
                              0xbde1c (size before relaxing)
 .debug_str     0x000bfe59      0x11f ./Drivers/STM32F2xx_HAL_Driver/Src/stm32f2xx_hal_gpio.o
                              0xbdb6c (size before relaxing)
 .debug_str     0x000bff78      0x7c2 ./Drivers/STM32F2xx_HAL_Driver/Src/stm32f2xx_hal_pcd.o
                              0xbe46f (size before relaxing)
 .debug_str     0x000c073a      0x248 ./Drivers/STM32F2xx_HAL_Driver/Src/stm32f2xx_hal_rcc.o
                              0xbde60 (size before relaxing)
 .debug_str     0x000c0982      0x5bc ./Drivers/STM32F2xx_HAL_Driver/Src/stm32f2xx_hal_uart.o
                              0xbe403 (size before relaxing)
 .debug_str     0x000c0f3e      0x4b0 ./Drivers/STM32F2xx_HAL_Driver/Src/stm32f2xx_ll_usb.o
                              0xbe3bb (size before relaxing)

.comment        0x00000000       0x43
 .comment       0x00000000       0x43 ./Core/Src/main.o
                                 0x44 (size before relaxing)
 .comment       0x00000043       0x44 ./Core/Src/stm32f2xx_hal_msp.o
 .comment       0x00000043       0x44 ./Core/Src/stm32f2xx_it.o
 .comment       0x00000043       0x44 ./Core/Src/system_stm32f2xx.o
 .comment       0x00000043       0x44 ./Drivers/STM32F2xx_HAL_Driver/Src/stm32f2xx_hal.o
 .comment       0x00000043       0x44 ./Drivers/STM32F2xx_HAL_Driver/Src/stm32f2xx_hal_cortex.o
 .comment       0x00000043       0x44 ./Drivers/STM32F2xx_HAL_Driver/Src/stm32f2xx_hal_dma.o
 .comment       0x00000043       0x44 ./Drivers/STM32F2xx_HAL_Driver/Src/stm32f2xx_hal_gpio.o
 .comment       0x00000043       0x44 ./Drivers/STM32F2xx_HAL_Driver/Src/stm32f2xx_hal_pcd.o
 .comment       0x00000043       0x44 ./Drivers/STM32F2xx_HAL_Driver/Src/stm32f2xx_hal_rcc.o
 .comment       0x00000043       0x44 ./Drivers/STM32F2xx_HAL_Driver/Src/stm32f2xx_hal_uart.o
 .comment       0x00000043       0x44 ./Drivers/STM32F2xx_HAL_Driver/Src/stm32f2xx_ll_usb.o

.debug_frame    0x00000000     0x293c
 .debug_frame   0x00000000      0x120 ./Core/Src/main.o
 .debug_frame   0x00000120      0x110 ./Core/Src/stm32f2xx_hal_msp.o
 .debug_frame   0x00000230      0x13c ./Core/Src/stm32f2xx_it.o
 .debug_frame   0x0000036c       0x58 ./Core/Src/system_stm32f2xx.o
 .debug_frame   0x000003c4      0x384 ./Drivers/STM32F2xx_HAL_Driver/Src/stm32f2xx_hal.o
 .debug_frame   0x00000748      0x4e8 ./Drivers/STM32F2xx_HAL_Driver/Src/stm32f2xx_hal_cortex.o
 .debug_frame   0x00000c30      0x250 ./Drivers/STM32F2xx_HAL_Driver/Src/stm32f2xx_hal_dma.o
 .debug_frame   0x00000e80      0x14c ./Drivers/STM32F2xx_HAL_Driver/Src/stm32f2xx_hal_gpio.o
 .debug_frame   0x00000fcc      0x5b8 ./Drivers/STM32F2xx_HAL_Driver/Src/stm32f2xx_hal_pcd.o
 .debug_frame   0x00001584      0x208 ./Drivers/STM32F2xx_HAL_Driver/Src/stm32f2xx_hal_rcc.o
 .debug_frame   0x0000178c      0x944 ./Drivers/STM32F2xx_HAL_Driver/Src/stm32f2xx_hal_uart.o
 .debug_frame   0x000020d0      0x7c0 ./Drivers/STM32F2xx_HAL_Driver/Src/stm32f2xx_ll_usb.o
 .debug_frame   0x00002890       0x20 C:/ST/STM32CubeIDE_1.16.0/STM32CubeIDE/plugins/com.st.stm32cube.ide.mcu.externaltools.gnu-tools-for-stm32.12.3.rel1.win32_1.0.200.202406191623/tools/bin/../lib/gcc/arm-none-eabi/12.3.1/../../../../arm-none-eabi/lib/thumb/v7-m/nofp\libc_nano.a(libc_a-memset.o)
 .debug_frame   0x000028b0       0x2c C:/ST/STM32CubeIDE_1.16.0/STM32CubeIDE/plugins/com.st.stm32cube.ide.mcu.externaltools.gnu-tools-for-stm32.12.3.rel1.win32_1.0.200.202406191623/tools/bin/../lib/gcc/arm-none-eabi/12.3.1/../../../../arm-none-eabi/lib/thumb/v7-m/nofp\libc_nano.a(libc_a-init.o)
 .debug_frame   0x000028dc       0x2c C:/ST/STM32CubeIDE_1.16.0/STM32CubeIDE/plugins/com.st.stm32cube.ide.mcu.externaltools.gnu-tools-for-stm32.12.3.rel1.win32_1.0.200.202406191623/tools/bin/../lib/gcc/arm-none-eabi/12.3.1/thumb/v7-m/nofp\libgcc.a(_aeabi_uldivmod.o)
 .debug_frame   0x00002908       0x34 C:/ST/STM32CubeIDE_1.16.0/STM32CubeIDE/plugins/com.st.stm32cube.ide.mcu.externaltools.gnu-tools-for-stm32.12.3.rel1.win32_1.0.200.202406191623/tools/bin/../lib/gcc/arm-none-eabi/12.3.1/thumb/v7-m/nofp\libgcc.a(_udivmoddi4.o)

.debug_line_str
                0x00000000       0x63
 .debug_line_str
                0x00000000       0x63 ./Core/Startup/startup_stm32f207zgtx.o
